../Core/Src/main.c:89:7:calculatePID	24	static
../Core/Src/main.c:107:5:pidControl	8	static
../Core/Src/main.c:126:5:main	16	static
../Core/Src/main.c:199:6:SystemClock_Config	80	static
../Core/Src/main.c:240:13:MX_ADC_Init	24	static
../Core/Src/main.c:294:13:MX_TIM1_Init	32	static
../Core/Src/main.c:340:13:MX_TIM3_Init	64	static
../Core/Src/main.c:399:13:MX_USART2_UART_Init	8	static
../Core/Src/main.c:432:13:MX_DMA_Init	16	static
../Core/Src/main.c:450:13:MX_GPIO_Init	48	static
../Core/Src/main.c:489:6:Error_Handler	8	static,ignoring_inline_asm
